<html>
<body>
<pre>
<h1>µVision Build Log</h1>
<h2>Project:</h2>
C:\Users\Umesh\Desktop\SWITCH_LPC2148\SWITCHLPC2148.uvproj
Project File Date:  10/09/2016

<h2>Output:</h2>
Rebuild target 'SWITCHLPC2148'
assembling Startup.s...
compiling main.c...
linking...
Program Size: Code=792 RO-data=16 RW-data=0 ZI-data=1256  
FromELF: creating hex file...
".\SWITCHLPC2148.axf" - 0 Error(s), 0 Warning(s).
</pre>
</body>
</html>
  
FromELF: creating hex file...
".\SWITCHLPC2148.axf" - 0 Error(s), 1 Warning(s).
LF: creating hex file...
".\SWITCHLPC2148.axf" - 0 Error(s), 2 Warning(s).
